{"allOf":[{"const":1},{"not":{"allOf":[{"$ref":"#/definitions/id_foo"}],"definitions":{"A":{"type":"integer"}}}}],"definitions":{"id_foo":{"type":"integer"}}}